Archive member included to satisfy reference by file (symbol)

c:/program files (x86)/atmel/studio/7.0/toolchain/avr8/avr8-gnu-toolchain/bin/../lib/gcc/avr/4.9.2/../../../../avr/lib/avr5\libm.a(addsf3.o)
                              src/MCAL/UART.o (__subsf3)
c:/program files (x86)/atmel/studio/7.0/toolchain/avr8/avr8-gnu-toolchain/bin/../lib/gcc/avr/4.9.2/../../../../avr/lib/avr5\libm.a(addsf3x.o)
                              c:/program files (x86)/atmel/studio/7.0/toolchain/avr8/avr8-gnu-toolchain/bin/../lib/gcc/avr/4.9.2/../../../../avr/lib/avr5\libm.a(addsf3.o) (__addsf3x)
c:/program files (x86)/atmel/studio/7.0/toolchain/avr8/avr8-gnu-toolchain/bin/../lib/gcc/avr/4.9.2/../../../../avr/lib/avr5\libm.a(divsf3.o)
                              src/MCAL/UART.o (__divsf3)
c:/program files (x86)/atmel/studio/7.0/toolchain/avr8/avr8-gnu-toolchain/bin/../lib/gcc/avr/4.9.2/../../../../avr/lib/avr5\libm.a(divsf3x.o)
                              c:/program files (x86)/atmel/studio/7.0/toolchain/avr8/avr8-gnu-toolchain/bin/../lib/gcc/avr/4.9.2/../../../../avr/lib/avr5\libm.a(divsf3.o) (__divsf3x)
c:/program files (x86)/atmel/studio/7.0/toolchain/avr8/avr8-gnu-toolchain/bin/../lib/gcc/avr/4.9.2/../../../../avr/lib/avr5\libm.a(fixunssfsi.o)
                              src/MCAL/UART.o (__fixunssfsi)
c:/program files (x86)/atmel/studio/7.0/toolchain/avr8/avr8-gnu-toolchain/bin/../lib/gcc/avr/4.9.2/../../../../avr/lib/avr5\libm.a(floatsisf.o)
                              src/MCAL/UART.o (__floatunsisf)
c:/program files (x86)/atmel/studio/7.0/toolchain/avr8/avr8-gnu-toolchain/bin/../lib/gcc/avr/4.9.2/../../../../avr/lib/avr5\libm.a(fp_inf.o)
                              c:/program files (x86)/atmel/studio/7.0/toolchain/avr8/avr8-gnu-toolchain/bin/../lib/gcc/avr/4.9.2/../../../../avr/lib/avr5\libm.a(addsf3x.o) (__fp_inf)
c:/program files (x86)/atmel/studio/7.0/toolchain/avr8/avr8-gnu-toolchain/bin/../lib/gcc/avr/4.9.2/../../../../avr/lib/avr5\libm.a(fp_nan.o)
                              c:/program files (x86)/atmel/studio/7.0/toolchain/avr8/avr8-gnu-toolchain/bin/../lib/gcc/avr/4.9.2/../../../../avr/lib/avr5\libm.a(addsf3x.o) (__fp_nan)
c:/program files (x86)/atmel/studio/7.0/toolchain/avr8/avr8-gnu-toolchain/bin/../lib/gcc/avr/4.9.2/../../../../avr/lib/avr5\libm.a(fp_pscA.o)
                              c:/program files (x86)/atmel/studio/7.0/toolchain/avr8/avr8-gnu-toolchain/bin/../lib/gcc/avr/4.9.2/../../../../avr/lib/avr5\libm.a(addsf3x.o) (__fp_pscA)
c:/program files (x86)/atmel/studio/7.0/toolchain/avr8/avr8-gnu-toolchain/bin/../lib/gcc/avr/4.9.2/../../../../avr/lib/avr5\libm.a(fp_pscB.o)
                              c:/program files (x86)/atmel/studio/7.0/toolchain/avr8/avr8-gnu-toolchain/bin/../lib/gcc/avr/4.9.2/../../../../avr/lib/avr5\libm.a(addsf3x.o) (__fp_pscB)
c:/program files (x86)/atmel/studio/7.0/toolchain/avr8/avr8-gnu-toolchain/bin/../lib/gcc/avr/4.9.2/../../../../avr/lib/avr5\libm.a(fp_round.o)
                              c:/program files (x86)/atmel/studio/7.0/toolchain/avr8/avr8-gnu-toolchain/bin/../lib/gcc/avr/4.9.2/../../../../avr/lib/avr5\libm.a(addsf3.o) (__fp_round)
c:/program files (x86)/atmel/studio/7.0/toolchain/avr8/avr8-gnu-toolchain/bin/../lib/gcc/avr/4.9.2/../../../../avr/lib/avr5\libm.a(fp_split3.o)
                              c:/program files (x86)/atmel/studio/7.0/toolchain/avr8/avr8-gnu-toolchain/bin/../lib/gcc/avr/4.9.2/../../../../avr/lib/avr5\libm.a(addsf3x.o) (__fp_split3)
c:/program files (x86)/atmel/studio/7.0/toolchain/avr8/avr8-gnu-toolchain/bin/../lib/gcc/avr/4.9.2/../../../../avr/lib/avr5\libm.a(fp_zero.o)
                              c:/program files (x86)/atmel/studio/7.0/toolchain/avr8/avr8-gnu-toolchain/bin/../lib/gcc/avr/4.9.2/../../../../avr/lib/avr5\libm.a(addsf3x.o) (__fp_zero)
c:/program files (x86)/atmel/studio/7.0/toolchain/avr8/avr8-gnu-toolchain/bin/../lib/gcc/avr/4.9.2/../../../../avr/lib/avr5\libm.a(mulsf3.o)
                              src/MCAL/UART.o (__mulsf3)
c:/program files (x86)/atmel/studio/7.0/toolchain/avr8/avr8-gnu-toolchain/bin/../lib/gcc/avr/4.9.2/../../../../avr/lib/avr5\libm.a(mulsf3x.o)
                              c:/program files (x86)/atmel/studio/7.0/toolchain/avr8/avr8-gnu-toolchain/bin/../lib/gcc/avr/4.9.2/../../../../avr/lib/avr5\libm.a(mulsf3.o) (__mulsf3x)
c:/program files (x86)/atmel/studio/7.0/toolchain/avr8/avr8-gnu-toolchain/bin/../lib/gcc/avr/4.9.2/avr5\libgcc.a(_udivmodsi4.o)
                              src/MCAL/I2C.o (__udivmodsi4)
c:/program files (x86)/atmel/studio/7.0/toolchain/avr8/avr8-gnu-toolchain/bin/../lib/gcc/avr/4.9.2/avr5\libgcc.a(_exit.o)
                              C:/Program Files (x86)/Atmel/Studio/7.0/Packs/atmel/ATmega_DFP/1.0.90/gcc/dev/atmega32/avr5/crtatmega32.o (exit)
c:/program files (x86)/atmel/studio/7.0/toolchain/avr8/avr8-gnu-toolchain/bin/../lib/gcc/avr/4.9.2/avr5\libgcc.a(_tablejump2.o)
                              src/MCAL/I2C.o (__tablejump2__)
c:/program files (x86)/atmel/studio/7.0/toolchain/avr8/avr8-gnu-toolchain/bin/../lib/gcc/avr/4.9.2/avr5\libgcc.a(_clear_bss.o)
                              src/MCAL/Timer0.o (__do_clear_bss)

Allocating common symbols
Common symbol       size              file

GPU_IRQ_CALL        0x6               src/MCAL/UART.o
GP_IRQ_CALL         0x6               src/MCAL/EXTI.o

Discarded input sections

 .data          0x00000000        0x0 C:/Program Files (x86)/Atmel/Studio/7.0/Packs/atmel/ATmega_DFP/1.0.90/gcc/dev/atmega32/avr5/crtatmega32.o
 .bss           0x00000000        0x0 C:/Program Files (x86)/Atmel/Studio/7.0/Packs/atmel/ATmega_DFP/1.0.90/gcc/dev/atmega32/avr5/crtatmega32.o
 .group         0x00000000        0x8 src/MCAL/Timer0.o
 .group         0x00000000        0x8 src/MCAL/Timer0.o
 .group         0x00000000        0x8 src/MCAL/Timer0.o
 .group         0x00000000        0x8 src/MCAL/Timer0.o
 .group         0x00000000        0x8 src/MCAL/Timer0.o
 .group         0x00000000        0x8 src/MCAL/Timer0.o
 .group         0x00000000        0x8 src/MCAL/Timer0.o
 .group         0x00000000        0x8 src/MCAL/Timer0.o
 .group         0x00000000        0x8 src/MCAL/Timer0.o
 .group         0x00000000        0x8 src/MCAL/Timer0.o
 .group         0x00000000        0x8 src/MCAL/Timer0.o
 .group         0x00000000        0x8 src/MCAL/Timer0.o
 .text          0x00000000        0x0 src/MCAL/Timer0.o
 .data          0x00000000        0x0 src/MCAL/Timer0.o
 .bss           0x00000000        0x0 src/MCAL/Timer0.o
 .text.MCAL_TIMER0_Set_Compare_Value
                0x00000000        0x4 src/MCAL/Timer0.o
 .text.MCAL_TIMER0_Read_Compare_Value
                0x00000000        0x4 src/MCAL/Timer0.o
 .text.MCAL_TIMER0_Read_Counter_Value
                0x00000000        0x4 src/MCAL/Timer0.o
 .group         0x00000000        0x8 src/MCAL/EXTI.o
 .group         0x00000000        0x8 src/MCAL/EXTI.o
 .group         0x00000000        0x8 src/MCAL/EXTI.o
 .group         0x00000000        0x8 src/MCAL/EXTI.o
 .group         0x00000000        0x8 src/MCAL/EXTI.o
 .group         0x00000000        0x8 src/MCAL/EXTI.o
 .group         0x00000000        0x8 src/MCAL/EXTI.o
 .group         0x00000000        0x8 src/MCAL/EXTI.o
 .group         0x00000000        0x8 src/MCAL/EXTI.o
 .group         0x00000000        0x8 src/MCAL/EXTI.o
 .group         0x00000000        0x8 src/MCAL/EXTI.o
 .group         0x00000000        0x8 src/MCAL/EXTI.o
 .text          0x00000000        0x0 src/MCAL/EXTI.o
 .data          0x00000000        0x0 src/MCAL/EXTI.o
 .bss           0x00000000        0x0 src/MCAL/EXTI.o
 .text.MCAL_EXTI_GPIO_Init
                0x00000000      0x17a src/MCAL/EXTI.o
 .text.MCAL_EXTI_GPIO_DeInit
                0x00000000       0x26 src/MCAL/EXTI.o
 .debug_macro   0x00000000      0xa4e src/MCAL/EXTI.o
 .debug_macro   0x00000000       0x10 src/MCAL/EXTI.o
 .debug_macro   0x00000000       0x10 src/MCAL/EXTI.o
 .debug_macro   0x00000000      0x1ad src/MCAL/EXTI.o
 .debug_macro   0x00000000      0x293 src/MCAL/EXTI.o
 .debug_macro   0x00000000      0x166 src/MCAL/EXTI.o
 .debug_macro   0x00000000       0x1c src/MCAL/EXTI.o
 .debug_macro   0x00000000      0x10e src/MCAL/EXTI.o
 .debug_macro   0x00000000       0x60 src/MCAL/EXTI.o
 .debug_macro   0x00000000      0x171 src/MCAL/EXTI.o
 .debug_macro   0x00000000       0x58 src/MCAL/EXTI.o
 .group         0x00000000        0x8 src/MCAL/GPIO.o
 .group         0x00000000        0x8 src/MCAL/GPIO.o
 .group         0x00000000        0x8 src/MCAL/GPIO.o
 .group         0x00000000        0x8 src/MCAL/GPIO.o
 .group         0x00000000        0x8 src/MCAL/GPIO.o
 .group         0x00000000        0x8 src/MCAL/GPIO.o
 .group         0x00000000        0x8 src/MCAL/GPIO.o
 .group         0x00000000        0x8 src/MCAL/GPIO.o
 .group         0x00000000        0x8 src/MCAL/GPIO.o
 .group         0x00000000        0x8 src/MCAL/GPIO.o
 .group         0x00000000        0x8 src/MCAL/GPIO.o
 .text          0x00000000        0x0 src/MCAL/GPIO.o
 .data          0x00000000        0x0 src/MCAL/GPIO.o
 .bss           0x00000000        0x0 src/MCAL/GPIO.o
 .text.MCAL_GPIO_DeInit
                0x00000000        0x8 src/MCAL/GPIO.o
 .text.MCAL_GPIO_ReadPin
                0x00000000        0xe src/MCAL/GPIO.o
 .text.MCAL_GPIO_ReadPort
                0x00000000        0x8 src/MCAL/GPIO.o
 .text.MCAL_GPIO_WritePin
                0x00000000       0x1e src/MCAL/GPIO.o
 .text.MCAL_GPIO_WritePort
                0x00000000        0x6 src/MCAL/GPIO.o
 .debug_macro   0x00000000      0xa4e src/MCAL/GPIO.o
 .debug_macro   0x00000000       0x10 src/MCAL/GPIO.o
 .debug_macro   0x00000000       0x10 src/MCAL/GPIO.o
 .debug_macro   0x00000000      0x1ad src/MCAL/GPIO.o
 .debug_macro   0x00000000      0x293 src/MCAL/GPIO.o
 .debug_macro   0x00000000      0x166 src/MCAL/GPIO.o
 .debug_macro   0x00000000       0x1c src/MCAL/GPIO.o
 .debug_macro   0x00000000      0x10e src/MCAL/GPIO.o
 .debug_macro   0x00000000       0x60 src/MCAL/GPIO.o
 .debug_macro   0x00000000      0x171 src/MCAL/GPIO.o
 .group         0x00000000        0x8 src/MCAL/I2C.o
 .group         0x00000000        0x8 src/MCAL/I2C.o
 .group         0x00000000        0x8 src/MCAL/I2C.o
 .group         0x00000000        0x8 src/MCAL/I2C.o
 .group         0x00000000        0x8 src/MCAL/I2C.o
 .group         0x00000000        0x8 src/MCAL/I2C.o
 .group         0x00000000        0x8 src/MCAL/I2C.o
 .group         0x00000000        0x8 src/MCAL/I2C.o
 .group         0x00000000        0x8 src/MCAL/I2C.o
 .group         0x00000000        0x8 src/MCAL/I2C.o
 .group         0x00000000        0x8 src/MCAL/I2C.o
 .group         0x00000000        0x8 src/MCAL/I2C.o
 .text          0x00000000        0x0 src/MCAL/I2C.o
 .data          0x00000000        0x0 src/MCAL/I2C.o
 .bss           0x00000000        0x0 src/MCAL/I2C.o
 .text.MCAL_I2C_Init
                0x00000000       0x62 src/MCAL/I2C.o
 .text.I2C_Generate_Start
                0x00000000        0xc src/MCAL/I2C.o
 .text.MCAL_I2C_Master_TX
                0x00000000       0x32 src/MCAL/I2C.o
 .text.MCAL_I2C_Master_RX
                0x00000000       0x2c src/MCAL/I2C.o
 .text.Get_flag_stutus
                0x00000000       0xa0 src/MCAL/I2C.o
 .progmem.gcc_sw_table.Get_flag_stutus
                0x00000000       0x14 src/MCAL/I2C.o
 .text.I2C_Generate_Stop
                0x00000000        0x6 src/MCAL/I2C.o
 .text.MCAL_I2C_Slave_TX
                0x00000000       0x1c src/MCAL/I2C.o
 .text.MCAL_I2C_Slave_RX
                0x00000000       0x18 src/MCAL/I2C.o
 .debug_macro   0x00000000      0xa4e src/MCAL/I2C.o
 .debug_macro   0x00000000       0x10 src/MCAL/I2C.o
 .debug_macro   0x00000000       0x10 src/MCAL/I2C.o
 .debug_macro   0x00000000      0x1ad src/MCAL/I2C.o
 .debug_macro   0x00000000      0x293 src/MCAL/I2C.o
 .debug_macro   0x00000000      0x166 src/MCAL/I2C.o
 .debug_macro   0x00000000       0x1c src/MCAL/I2C.o
 .debug_macro   0x00000000      0x10e src/MCAL/I2C.o
 .debug_macro   0x00000000       0x60 src/MCAL/I2C.o
 .debug_macro   0x00000000      0x171 src/MCAL/I2C.o
 .debug_macro   0x00000000       0x58 src/MCAL/I2C.o
 .group         0x00000000        0x8 src/MCAL/SPI.o
 .group         0x00000000        0x8 src/MCAL/SPI.o
 .group         0x00000000        0x8 src/MCAL/SPI.o
 .group         0x00000000        0x8 src/MCAL/SPI.o
 .group         0x00000000        0x8 src/MCAL/SPI.o
 .group         0x00000000        0x8 src/MCAL/SPI.o
 .group         0x00000000        0x8 src/MCAL/SPI.o
 .group         0x00000000        0x8 src/MCAL/SPI.o
 .group         0x00000000        0x8 src/MCAL/SPI.o
 .group         0x00000000        0x8 src/MCAL/SPI.o
 .group         0x00000000        0x8 src/MCAL/SPI.o
 .group         0x00000000        0x8 src/MCAL/SPI.o
 .text          0x00000000        0x0 src/MCAL/SPI.o
 .data          0x00000000        0x0 src/MCAL/SPI.o
 .bss           0x00000000        0x0 src/MCAL/SPI.o
 .text.MCAL_SPI_Init
                0x00000000       0xaa src/MCAL/SPI.o
 .text.MCAL_SPI_DeInit
                0x00000000        0xc src/MCAL/SPI.o
 .text.MCAL_SPI_ReceiveData
                0x00000000       0x12 src/MCAL/SPI.o
 .text.MCAL_SPI_SendData
                0x00000000       0x12 src/MCAL/SPI.o
 .text.MCAL_SPI_Receive_Send_Data
                0x00000000       0x20 src/MCAL/SPI.o
 .text.MCAL_SPI_Set_Master_Pin
                0x00000000       0x6c src/MCAL/SPI.o
 .text.MCAL_SPI_Set_Slave_Pin
                0x00000000       0x6c src/MCAL/SPI.o
 .debug_macro   0x00000000      0xa4e src/MCAL/SPI.o
 .debug_macro   0x00000000       0x10 src/MCAL/SPI.o
 .debug_macro   0x00000000       0x10 src/MCAL/SPI.o
 .debug_macro   0x00000000      0x1ad src/MCAL/SPI.o
 .debug_macro   0x00000000      0x293 src/MCAL/SPI.o
 .debug_macro   0x00000000      0x166 src/MCAL/SPI.o
 .debug_macro   0x00000000       0x1c src/MCAL/SPI.o
 .debug_macro   0x00000000      0x10e src/MCAL/SPI.o
 .debug_macro   0x00000000       0x60 src/MCAL/SPI.o
 .debug_macro   0x00000000      0x171 src/MCAL/SPI.o
 .debug_macro   0x00000000       0x58 src/MCAL/SPI.o
 .group         0x00000000        0x8 src/MCAL/UART.o
 .group         0x00000000        0x8 src/MCAL/UART.o
 .group         0x00000000        0x8 src/MCAL/UART.o
 .group         0x00000000        0x8 src/MCAL/UART.o
 .group         0x00000000        0x8 src/MCAL/UART.o
 .group         0x00000000        0x8 src/MCAL/UART.o
 .group         0x00000000        0x8 src/MCAL/UART.o
 .group         0x00000000        0x8 src/MCAL/UART.o
 .group         0x00000000        0x8 src/MCAL/UART.o
 .group         0x00000000        0x8 src/MCAL/UART.o
 .group         0x00000000        0x8 src/MCAL/UART.o
 .group         0x00000000        0x8 src/MCAL/UART.o
 .text          0x00000000        0x0 src/MCAL/UART.o
 .data          0x00000000        0x0 src/MCAL/UART.o
 .bss           0x00000000        0x0 src/MCAL/UART.o
 .text.MCAL_USART_Init
                0x00000000      0x2dc src/MCAL/UART.o
 .text.MCAL_USART_DeInit
                0x00000000       0x1a src/MCAL/UART.o
 .text.MCAL_USART_ReceiveData
                0x00000000       0x58 src/MCAL/UART.o
 .text.MCAL_USART_SendData
                0x00000000       0x62 src/MCAL/UART.o
 .text.MCAL_USART_Send_String
                0x00000000       0x36 src/MCAL/UART.o
 .text.MCAL_USART_Receive_String
                0x00000000       0x42 src/MCAL/UART.o
 .bss.g_USART_Config
                0x00000000        0x2 src/MCAL/UART.o
 .debug_macro   0x00000000      0xa4e src/MCAL/UART.o
 .debug_macro   0x00000000       0x10 src/MCAL/UART.o
 .debug_macro   0x00000000       0x10 src/MCAL/UART.o
 .debug_macro   0x00000000      0x1ad src/MCAL/UART.o
 .debug_macro   0x00000000      0x293 src/MCAL/UART.o
 .debug_macro   0x00000000      0x166 src/MCAL/UART.o
 .debug_macro   0x00000000       0x1c src/MCAL/UART.o
 .debug_macro   0x00000000      0x10e src/MCAL/UART.o
 .debug_macro   0x00000000       0x60 src/MCAL/UART.o
 .debug_macro   0x00000000      0x171 src/MCAL/UART.o
 .debug_macro   0x00000000       0x58 src/MCAL/UART.o
 .group         0x00000000        0x8 src/ASF/mega/boards/stk600/rcx_x/init.o
 .group         0x00000000        0x8 src/ASF/mega/boards/stk600/rcx_x/init.o
 .group         0x00000000        0x8 src/ASF/mega/boards/stk600/rcx_x/init.o
 .group         0x00000000        0x8 src/ASF/mega/boards/stk600/rcx_x/init.o
 .group         0x00000000        0x8 src/ASF/mega/boards/stk600/rcx_x/init.o
 .group         0x00000000        0x8 src/ASF/mega/boards/stk600/rcx_x/init.o
 .group         0x00000000        0x8 src/ASF/mega/boards/stk600/rcx_x/init.o
 .group         0x00000000        0x8 src/ASF/mega/boards/stk600/rcx_x/init.o
 .group         0x00000000        0x8 src/ASF/mega/boards/stk600/rcx_x/init.o
 .group         0x00000000        0x8 src/ASF/mega/boards/stk600/rcx_x/init.o
 .group         0x00000000        0x8 src/ASF/mega/boards/stk600/rcx_x/init.o
 .group         0x00000000        0x8 src/ASF/mega/boards/stk600/rcx_x/init.o
 .group         0x00000000        0x8 src/ASF/mega/boards/stk600/rcx_x/init.o
 .group         0x00000000        0x8 src/ASF/mega/boards/stk600/rcx_x/init.o
 .group         0x00000000        0x8 src/ASF/mega/boards/stk600/rcx_x/init.o
 .group         0x00000000        0x8 src/ASF/mega/boards/stk600/rcx_x/init.o
 .group         0x00000000        0x8 src/ASF/mega/boards/stk600/rcx_x/init.o
 .group         0x00000000        0x8 src/ASF/mega/boards/stk600/rcx_x/init.o
 .group         0x00000000        0x8 src/ASF/mega/boards/stk600/rcx_x/init.o
 .group         0x00000000        0x8 src/ASF/mega/boards/stk600/rcx_x/init.o
 .group         0x00000000        0x8 src/ASF/mega/boards/stk600/rcx_x/init.o
 .group         0x00000000        0x8 src/ASF/mega/boards/stk600/rcx_x/init.o
 .group         0x00000000        0x8 src/ASF/mega/boards/stk600/rcx_x/init.o
 .group         0x00000000        0x8 src/ASF/mega/boards/stk600/rcx_x/init.o
 .group         0x00000000        0x8 src/ASF/mega/boards/stk600/rcx_x/init.o
 .text          0x00000000        0x0 src/ASF/mega/boards/stk600/rcx_x/init.o
 .data          0x00000000        0x0 src/ASF/mega/boards/stk600/rcx_x/init.o
 .bss           0x00000000        0x0 src/ASF/mega/boards/stk600/rcx_x/init.o
 .text.board_init
                0x00000000        0x2 src/ASF/mega/boards/stk600/rcx_x/init.o
 .debug_info    0x00000000       0x7c src/ASF/mega/boards/stk600/rcx_x/init.o
 .debug_abbrev  0x00000000       0x47 src/ASF/mega/boards/stk600/rcx_x/init.o
 .debug_aranges
                0x00000000       0x20 src/ASF/mega/boards/stk600/rcx_x/init.o
 .debug_ranges  0x00000000       0x10 src/ASF/mega/boards/stk600/rcx_x/init.o
 .debug_macro   0x00000000      0x134 src/ASF/mega/boards/stk600/rcx_x/init.o
 .debug_macro   0x00000000      0xa4e src/ASF/mega/boards/stk600/rcx_x/init.o
 .debug_macro   0x00000000       0x10 src/ASF/mega/boards/stk600/rcx_x/init.o
 .debug_macro   0x00000000      0x1ad src/ASF/mega/boards/stk600/rcx_x/init.o
 .debug_macro   0x00000000      0x293 src/ASF/mega/boards/stk600/rcx_x/init.o
 .debug_macro   0x00000000       0x9e src/ASF/mega/boards/stk600/rcx_x/init.o
 .debug_macro   0x00000000      0xc24 src/ASF/mega/boards/stk600/rcx_x/init.o
 .debug_macro   0x00000000      0x170 src/ASF/mega/boards/stk600/rcx_x/init.o
 .debug_macro   0x00000000       0xbd src/ASF/mega/boards/stk600/rcx_x/init.o
 .debug_macro   0x00000000       0x34 src/ASF/mega/boards/stk600/rcx_x/init.o
 .debug_macro   0x00000000       0x18 src/ASF/mega/boards/stk600/rcx_x/init.o
 .debug_macro   0x00000000       0x6c src/ASF/mega/boards/stk600/rcx_x/init.o
 .debug_macro   0x00000000       0x22 src/ASF/mega/boards/stk600/rcx_x/init.o
 .debug_macro   0x00000000      0x166 src/ASF/mega/boards/stk600/rcx_x/init.o
 .debug_macro   0x00000000       0x1c src/ASF/mega/boards/stk600/rcx_x/init.o
 .debug_macro   0x00000000       0x35 src/ASF/mega/boards/stk600/rcx_x/init.o
 .debug_macro   0x00000000       0x66 src/ASF/mega/boards/stk600/rcx_x/init.o
 .debug_macro   0x00000000      0x621 src/ASF/mega/boards/stk600/rcx_x/init.o
 .debug_macro   0x00000000       0x44 src/ASF/mega/boards/stk600/rcx_x/init.o
 .debug_macro   0x00000000       0x69 src/ASF/mega/boards/stk600/rcx_x/init.o
 .debug_macro   0x00000000       0x2c src/ASF/mega/boards/stk600/rcx_x/init.o
 .debug_macro   0x00000000       0x10 src/ASF/mega/boards/stk600/rcx_x/init.o
 .debug_macro   0x00000000       0xe2 src/ASF/mega/boards/stk600/rcx_x/init.o
 .debug_macro   0x00000000       0x40 src/ASF/mega/boards/stk600/rcx_x/init.o
 .debug_macro   0x00000000      0x100 src/ASF/mega/boards/stk600/rcx_x/init.o
 .debug_macro   0x00000000      0x273 src/ASF/mega/boards/stk600/rcx_x/init.o
 .debug_line    0x00000000      0x35d src/ASF/mega/boards/stk600/rcx_x/init.o
 .debug_str     0x00000000     0xe859 src/ASF/mega/boards/stk600/rcx_x/init.o
 .comment       0x00000000       0x31 src/ASF/mega/boards/stk600/rcx_x/init.o
 .debug_frame   0x00000000       0x24 src/ASF/mega/boards/stk600/rcx_x/init.o
 .group         0x00000000        0x8 src/main.o
 .group         0x00000000        0x8 src/main.o
 .group         0x00000000        0x8 src/main.o
 .group         0x00000000        0x8 src/main.o
 .group         0x00000000        0x8 src/main.o
 .group         0x00000000        0x8 src/main.o
 .group         0x00000000        0x8 src/main.o
 .group         0x00000000        0x8 src/main.o
 .group         0x00000000        0x8 src/main.o
 .group         0x00000000        0x8 src/main.o
 .group         0x00000000        0x8 src/main.o
 .group         0x00000000        0x8 src/main.o
 .text          0x00000000        0x0 src/main.o
 .data          0x00000000        0x0 src/main.o
 .bss           0x00000000        0x0 src/main.o
 .debug_macro   0x00000000      0xa4e src/main.o
 .debug_macro   0x00000000       0x10 src/main.o
 .debug_macro   0x00000000       0x10 src/main.o
 .debug_macro   0x00000000      0x1ad src/main.o
 .debug_macro   0x00000000      0x293 src/main.o
 .debug_macro   0x00000000      0x166 src/main.o
 .debug_macro   0x00000000       0x1c src/main.o
 .debug_macro   0x00000000      0x10e src/main.o
 .debug_macro   0x00000000       0x60 src/main.o
 .debug_macro   0x00000000      0x171 src/main.o
 .debug_macro   0x00000000       0x52 src/main.o
 .debug_macro   0x00000000       0x70 src/main.o
 .text          0x00000000        0x0 c:/program files (x86)/atmel/studio/7.0/toolchain/avr8/avr8-gnu-toolchain/bin/../lib/gcc/avr/4.9.2/../../../../avr/lib/avr5\libm.a(addsf3.o)
 .data          0x00000000        0x0 c:/program files (x86)/atmel/studio/7.0/toolchain/avr8/avr8-gnu-toolchain/bin/../lib/gcc/avr/4.9.2/../../../../avr/lib/avr5\libm.a(addsf3.o)
 .bss           0x00000000        0x0 c:/program files (x86)/atmel/studio/7.0/toolchain/avr8/avr8-gnu-toolchain/bin/../lib/gcc/avr/4.9.2/../../../../avr/lib/avr5\libm.a(addsf3.o)
 .text.avr-libc.fplib
                0x00000000        0xe c:/program files (x86)/atmel/studio/7.0/toolchain/avr8/avr8-gnu-toolchain/bin/../lib/gcc/avr/4.9.2/../../../../avr/lib/avr5\libm.a(addsf3.o)
 .text          0x00000000        0x0 c:/program files (x86)/atmel/studio/7.0/toolchain/avr8/avr8-gnu-toolchain/bin/../lib/gcc/avr/4.9.2/../../../../avr/lib/avr5\libm.a(addsf3x.o)
 .data          0x00000000        0x0 c:/program files (x86)/atmel/studio/7.0/toolchain/avr8/avr8-gnu-toolchain/bin/../lib/gcc/avr/4.9.2/../../../../avr/lib/avr5\libm.a(addsf3x.o)
 .bss           0x00000000        0x0 c:/program files (x86)/atmel/studio/7.0/toolchain/avr8/avr8-gnu-toolchain/bin/../lib/gcc/avr/4.9.2/../../../../avr/lib/avr5\libm.a(addsf3x.o)
 .text.avr-libc.fplib
                0x00000000       0xcc c:/program files (x86)/atmel/studio/7.0/toolchain/avr8/avr8-gnu-toolchain/bin/../lib/gcc/avr/4.9.2/../../../../avr/lib/avr5\libm.a(addsf3x.o)
 .text          0x00000000        0x0 c:/program files (x86)/atmel/studio/7.0/toolchain/avr8/avr8-gnu-toolchain/bin/../lib/gcc/avr/4.9.2/../../../../avr/lib/avr5\libm.a(divsf3.o)
 .data          0x00000000        0x0 c:/program files (x86)/atmel/studio/7.0/toolchain/avr8/avr8-gnu-toolchain/bin/../lib/gcc/avr/4.9.2/../../../../avr/lib/avr5\libm.a(divsf3.o)
 .bss           0x00000000        0x0 c:/program files (x86)/atmel/studio/7.0/toolchain/avr8/avr8-gnu-toolchain/bin/../lib/gcc/avr/4.9.2/../../../../avr/lib/avr5\libm.a(divsf3.o)
 .text.avr-libc.fplib
                0x00000000        0x8 c:/program files (x86)/atmel/studio/7.0/toolchain/avr8/avr8-gnu-toolchain/bin/../lib/gcc/avr/4.9.2/../../../../avr/lib/avr5\libm.a(divsf3.o)
 .text          0x00000000        0x0 c:/program files (x86)/atmel/studio/7.0/toolchain/avr8/avr8-gnu-toolchain/bin/../lib/gcc/avr/4.9.2/../../../../avr/lib/avr5\libm.a(divsf3x.o)
 .data          0x00000000        0x0 c:/program files (x86)/atmel/studio/7.0/toolchain/avr8/avr8-gnu-toolchain/bin/../lib/gcc/avr/4.9.2/../../../../avr/lib/avr5\libm.a(divsf3x.o)
 .bss           0x00000000        0x0 c:/program files (x86)/atmel/studio/7.0/toolchain/avr8/avr8-gnu-toolchain/bin/../lib/gcc/avr/4.9.2/../../../../avr/lib/avr5\libm.a(divsf3x.o)
 .text.avr-libc.fplib
                0x00000000       0xdc c:/program files (x86)/atmel/studio/7.0/toolchain/avr8/avr8-gnu-toolchain/bin/../lib/gcc/avr/4.9.2/../../../../avr/lib/avr5\libm.a(divsf3x.o)
 .text          0x00000000        0x0 c:/program files (x86)/atmel/studio/7.0/toolchain/avr8/avr8-gnu-toolchain/bin/../lib/gcc/avr/4.9.2/../../../../avr/lib/avr5\libm.a(fixunssfsi.o)
 .data          0x00000000        0x0 c:/program files (x86)/atmel/studio/7.0/toolchain/avr8/avr8-gnu-toolchain/bin/../lib/gcc/avr/4.9.2/../../../../avr/lib/avr5\libm.a(fixunssfsi.o)
 .bss           0x00000000        0x0 c:/program files (x86)/atmel/studio/7.0/toolchain/avr8/avr8-gnu-toolchain/bin/../lib/gcc/avr/4.9.2/../../../../avr/lib/avr5\libm.a(fixunssfsi.o)
 .text.avr-libc.fplib
                0x00000000       0x5e c:/program files (x86)/atmel/studio/7.0/toolchain/avr8/avr8-gnu-toolchain/bin/../lib/gcc/avr/4.9.2/../../../../avr/lib/avr5\libm.a(fixunssfsi.o)
 .text          0x00000000        0x0 c:/program files (x86)/atmel/studio/7.0/toolchain/avr8/avr8-gnu-toolchain/bin/../lib/gcc/avr/4.9.2/../../../../avr/lib/avr5\libm.a(floatsisf.o)
 .data          0x00000000        0x0 c:/program files (x86)/atmel/studio/7.0/toolchain/avr8/avr8-gnu-toolchain/bin/../lib/gcc/avr/4.9.2/../../../../avr/lib/avr5\libm.a(floatsisf.o)
 .bss           0x00000000        0x0 c:/program files (x86)/atmel/studio/7.0/toolchain/avr8/avr8-gnu-toolchain/bin/../lib/gcc/avr/4.9.2/../../../../avr/lib/avr5\libm.a(floatsisf.o)
 .text.avr-libc.fplib
                0x00000000       0x7a c:/program files (x86)/atmel/studio/7.0/toolchain/avr8/avr8-gnu-toolchain/bin/../lib/gcc/avr/4.9.2/../../../../avr/lib/avr5\libm.a(floatsisf.o)
 .text          0x00000000        0x0 c:/program files (x86)/atmel/studio/7.0/toolchain/avr8/avr8-gnu-toolchain/bin/../lib/gcc/avr/4.9.2/../../../../avr/lib/avr5\libm.a(fp_inf.o)
 .data          0x00000000        0x0 c:/program files (x86)/atmel/studio/7.0/toolchain/avr8/avr8-gnu-toolchain/bin/../lib/gcc/avr/4.9.2/../../../../avr/lib/avr5\libm.a(fp_inf.o)
 .bss           0x00000000        0x0 c:/program files (x86)/atmel/studio/7.0/toolchain/avr8/avr8-gnu-toolchain/bin/../lib/gcc/avr/4.9.2/../../../../avr/lib/avr5\libm.a(fp_inf.o)
 .text.avr-libc.fplib
                0x00000000        0xc c:/program files (x86)/atmel/studio/7.0/toolchain/avr8/avr8-gnu-toolchain/bin/../lib/gcc/avr/4.9.2/../../../../avr/lib/avr5\libm.a(fp_inf.o)
 .text          0x00000000        0x0 c:/program files (x86)/atmel/studio/7.0/toolchain/avr8/avr8-gnu-toolchain/bin/../lib/gcc/avr/4.9.2/../../../../avr/lib/avr5\libm.a(fp_nan.o)
 .data          0x00000000        0x0 c:/program files (x86)/atmel/studio/7.0/toolchain/avr8/avr8-gnu-toolchain/bin/../lib/gcc/avr/4.9.2/../../../../avr/lib/avr5\libm.a(fp_nan.o)
 .bss           0x00000000        0x0 c:/program files (x86)/atmel/studio/7.0/toolchain/avr8/avr8-gnu-toolchain/bin/../lib/gcc/avr/4.9.2/../../../../avr/lib/avr5\libm.a(fp_nan.o)
 .text.avr-libc.fplib
                0x00000000        0x6 c:/program files (x86)/atmel/studio/7.0/toolchain/avr8/avr8-gnu-toolchain/bin/../lib/gcc/avr/4.9.2/../../../../avr/lib/avr5\libm.a(fp_nan.o)
 .text          0x00000000        0x0 c:/program files (x86)/atmel/studio/7.0/toolchain/avr8/avr8-gnu-toolchain/bin/../lib/gcc/avr/4.9.2/../../../../avr/lib/avr5\libm.a(fp_pscA.o)
 .data          0x00000000        0x0 c:/program files (x86)/atmel/studio/7.0/toolchain/avr8/avr8-gnu-toolchain/bin/../lib/gcc/avr/4.9.2/../../../../avr/lib/avr5\libm.a(fp_pscA.o)
 .bss           0x00000000        0x0 c:/program files (x86)/atmel/studio/7.0/toolchain/avr8/avr8-gnu-toolchain/bin/../lib/gcc/avr/4.9.2/../../../../avr/lib/avr5\libm.a(fp_pscA.o)
 .text.avr-libc.fplib
                0x00000000        0xe c:/program files (x86)/atmel/studio/7.0/toolchain/avr8/avr8-gnu-toolchain/bin/../lib/gcc/avr/4.9.2/../../../../avr/lib/avr5\libm.a(fp_pscA.o)
 .text          0x00000000        0x0 c:/program files (x86)/atmel/studio/7.0/toolchain/avr8/avr8-gnu-toolchain/bin/../lib/gcc/avr/4.9.2/../../../../avr/lib/avr5\libm.a(fp_pscB.o)
 .data          0x00000000        0x0 c:/program files (x86)/atmel/studio/7.0/toolchain/avr8/avr8-gnu-toolchain/bin/../lib/gcc/avr/4.9.2/../../../../avr/lib/avr5\libm.a(fp_pscB.o)
 .bss           0x00000000        0x0 c:/program files (x86)/atmel/studio/7.0/toolchain/avr8/avr8-gnu-toolchain/bin/../lib/gcc/avr/4.9.2/../../../../avr/lib/avr5\libm.a(fp_pscB.o)
 .text.avr-libc.fplib
                0x00000000        0xe c:/program files (x86)/atmel/studio/7.0/toolchain/avr8/avr8-gnu-toolchain/bin/../lib/gcc/avr/4.9.2/../../../../avr/lib/avr5\libm.a(fp_pscB.o)
 .text          0x00000000        0x0 c:/program files (x86)/atmel/studio/7.0/toolchain/avr8/avr8-gnu-toolchain/bin/../lib/gcc/avr/4.9.2/../../../../avr/lib/avr5\libm.a(fp_round.o)
 .data          0x00000000        0x0 c:/program files (x86)/atmel/studio/7.0/toolchain/avr8/avr8-gnu-toolchain/bin/../lib/gcc/avr/4.9.2/../../../../avr/lib/avr5\libm.a(fp_round.o)
 .bss           0x00000000        0x0 c:/program files (x86)/atmel/studio/7.0/toolchain/avr8/avr8-gnu-toolchain/bin/../lib/gcc/avr/4.9.2/../../../../avr/lib/avr5\libm.a(fp_round.o)
 .text.avr-libc.fplib
                0x00000000       0x22 c:/program files (x86)/atmel/studio/7.0/toolchain/avr8/avr8-gnu-toolchain/bin/../lib/gcc/avr/4.9.2/../../../../avr/lib/avr5\libm.a(fp_round.o)
 .text          0x00000000        0x0 c:/program files (x86)/atmel/studio/7.0/toolchain/avr8/avr8-gnu-toolchain/bin/../lib/gcc/avr/4.9.2/../../../../avr/lib/avr5\libm.a(fp_split3.o)
 .data          0x00000000        0x0 c:/program files (x86)/atmel/studio/7.0/toolchain/avr8/avr8-gnu-toolchain/bin/../lib/gcc/avr/4.9.2/../../../../avr/lib/avr5\libm.a(fp_split3.o)
 .bss           0x00000000        0x0 c:/program files (x86)/atmel/studio/7.0/toolchain/avr8/avr8-gnu-toolchain/bin/../lib/gcc/avr/4.9.2/../../../../avr/lib/avr5\libm.a(fp_split3.o)
 .text.avr-libc.fplib
                0x00000000       0x44 c:/program files (x86)/atmel/studio/7.0/toolchain/avr8/avr8-gnu-toolchain/bin/../lib/gcc/avr/4.9.2/../../../../avr/lib/avr5\libm.a(fp_split3.o)
 .text          0x00000000        0x0 c:/program files (x86)/atmel/studio/7.0/toolchain/avr8/avr8-gnu-toolchain/bin/../lib/gcc/avr/4.9.2/../../../../avr/lib/avr5\libm.a(fp_zero.o)
 .data          0x00000000        0x0 c:/program files (x86)/atmel/studio/7.0/toolchain/avr8/avr8-gnu-toolchain/bin/../lib/gcc/avr/4.9.2/../../../../avr/lib/avr5\libm.a(fp_zero.o)
 .bss           0x00000000        0x0 c:/program files (x86)/atmel/studio/7.0/toolchain/avr8/avr8-gnu-toolchain/bin/../lib/gcc/avr/4.9.2/../../../../avr/lib/avr5\libm.a(fp_zero.o)
 .text.avr-libc.fplib
                0x00000000        0xe c:/program files (x86)/atmel/studio/7.0/toolchain/avr8/avr8-gnu-toolchain/bin/../lib/gcc/avr/4.9.2/../../../../avr/lib/avr5\libm.a(fp_zero.o)
 .text          0x00000000        0x0 c:/program files (x86)/atmel/studio/7.0/toolchain/avr8/avr8-gnu-toolchain/bin/../lib/gcc/avr/4.9.2/../../../../avr/lib/avr5\libm.a(mulsf3.o)
 .data          0x00000000        0x0 c:/program files (x86)/atmel/studio/7.0/toolchain/avr8/avr8-gnu-toolchain/bin/../lib/gcc/avr/4.9.2/../../../../avr/lib/avr5\libm.a(mulsf3.o)
 .bss           0x00000000        0x0 c:/program files (x86)/atmel/studio/7.0/toolchain/avr8/avr8-gnu-toolchain/bin/../lib/gcc/avr/4.9.2/../../../../avr/lib/avr5\libm.a(mulsf3.o)
 .text.avr-libc.fplib
                0x00000000        0x8 c:/program files (x86)/atmel/studio/7.0/toolchain/avr8/avr8-gnu-toolchain/bin/../lib/gcc/avr/4.9.2/../../../../avr/lib/avr5\libm.a(mulsf3.o)
 .text          0x00000000        0x0 c:/program files (x86)/atmel/studio/7.0/toolchain/avr8/avr8-gnu-toolchain/bin/../lib/gcc/avr/4.9.2/../../../../avr/lib/avr5\libm.a(mulsf3x.o)
 .data          0x00000000        0x0 c:/program files (x86)/atmel/studio/7.0/toolchain/avr8/avr8-gnu-toolchain/bin/../lib/gcc/avr/4.9.2/../../../../avr/lib/avr5\libm.a(mulsf3x.o)
 .bss           0x00000000        0x0 c:/program files (x86)/atmel/studio/7.0/toolchain/avr8/avr8-gnu-toolchain/bin/../lib/gcc/avr/4.9.2/../../../../avr/lib/avr5\libm.a(mulsf3x.o)
 .text.avr-libc.fplib
                0x00000000       0xd2 c:/program files (x86)/atmel/studio/7.0/toolchain/avr8/avr8-gnu-toolchain/bin/../lib/gcc/avr/4.9.2/../../../../avr/lib/avr5\libm.a(mulsf3x.o)
 .text          0x00000000        0x0 c:/program files (x86)/atmel/studio/7.0/toolchain/avr8/avr8-gnu-toolchain/bin/../lib/gcc/avr/4.9.2/avr5\libgcc.a(_udivmodsi4.o)
 .data          0x00000000        0x0 c:/program files (x86)/atmel/studio/7.0/toolchain/avr8/avr8-gnu-toolchain/bin/../lib/gcc/avr/4.9.2/avr5\libgcc.a(_udivmodsi4.o)
 .bss           0x00000000        0x0 c:/program files (x86)/atmel/studio/7.0/toolchain/avr8/avr8-gnu-toolchain/bin/../lib/gcc/avr/4.9.2/avr5\libgcc.a(_udivmodsi4.o)
 .text.libgcc.mul
                0x00000000        0x0 c:/program files (x86)/atmel/studio/7.0/toolchain/avr8/avr8-gnu-toolchain/bin/../lib/gcc/avr/4.9.2/avr5\libgcc.a(_udivmodsi4.o)
 .text.libgcc.div
                0x00000000       0x44 c:/program files (x86)/atmel/studio/7.0/toolchain/avr8/avr8-gnu-toolchain/bin/../lib/gcc/avr/4.9.2/avr5\libgcc.a(_udivmodsi4.o)
 .text.libgcc   0x00000000        0x0 c:/program files (x86)/atmel/studio/7.0/toolchain/avr8/avr8-gnu-toolchain/bin/../lib/gcc/avr/4.9.2/avr5\libgcc.a(_udivmodsi4.o)
 .text.libgcc.prologue
                0x00000000        0x0 c:/program files (x86)/atmel/studio/7.0/toolchain/avr8/avr8-gnu-toolchain/bin/../lib/gcc/avr/4.9.2/avr5\libgcc.a(_udivmodsi4.o)
 .text.libgcc.builtins
                0x00000000        0x0 c:/program files (x86)/atmel/studio/7.0/toolchain/avr8/avr8-gnu-toolchain/bin/../lib/gcc/avr/4.9.2/avr5\libgcc.a(_udivmodsi4.o)
 .text.libgcc.fmul
                0x00000000        0x0 c:/program files (x86)/atmel/studio/7.0/toolchain/avr8/avr8-gnu-toolchain/bin/../lib/gcc/avr/4.9.2/avr5\libgcc.a(_udivmodsi4.o)
 .text.libgcc.fixed
                0x00000000        0x0 c:/program files (x86)/atmel/studio/7.0/toolchain/avr8/avr8-gnu-toolchain/bin/../lib/gcc/avr/4.9.2/avr5\libgcc.a(_udivmodsi4.o)
 .text          0x00000000        0x0 c:/program files (x86)/atmel/studio/7.0/toolchain/avr8/avr8-gnu-toolchain/bin/../lib/gcc/avr/4.9.2/avr5\libgcc.a(_exit.o)
 .data          0x00000000        0x0 c:/program files (x86)/atmel/studio/7.0/toolchain/avr8/avr8-gnu-toolchain/bin/../lib/gcc/avr/4.9.2/avr5\libgcc.a(_exit.o)
 .bss           0x00000000        0x0 c:/program files (x86)/atmel/studio/7.0/toolchain/avr8/avr8-gnu-toolchain/bin/../lib/gcc/avr/4.9.2/avr5\libgcc.a(_exit.o)
 .text.libgcc.mul
                0x00000000        0x0 c:/program files (x86)/atmel/studio/7.0/toolchain/avr8/avr8-gnu-toolchain/bin/../lib/gcc/avr/4.9.2/avr5\libgcc.a(_exit.o)
 .text.libgcc.div
                0x00000000        0x0 c:/program files (x86)/atmel/studio/7.0/toolchain/avr8/avr8-gnu-toolchain/bin/../lib/gcc/avr/4.9.2/avr5\libgcc.a(_exit.o)
 .text.libgcc   0x00000000        0x0 c:/program files (x86)/atmel/studio/7.0/toolchain/avr8/avr8-gnu-toolchain/bin/../lib/gcc/avr/4.9.2/avr5\libgcc.a(_exit.o)
 .text.libgcc.prologue
                0x00000000        0x0 c:/program files (x86)/atmel/studio/7.0/toolchain/avr8/avr8-gnu-toolchain/bin/../lib/gcc/avr/4.9.2/avr5\libgcc.a(_exit.o)
 .text.libgcc.builtins
                0x00000000        0x0 c:/program files (x86)/atmel/studio/7.0/toolchain/avr8/avr8-gnu-toolchain/bin/../lib/gcc/avr/4.9.2/avr5\libgcc.a(_exit.o)
 .text.libgcc.fmul
                0x00000000        0x0 c:/program files (x86)/atmel/studio/7.0/toolchain/avr8/avr8-gnu-toolchain/bin/../lib/gcc/avr/4.9.2/avr5\libgcc.a(_exit.o)
 .text.libgcc.fixed
                0x00000000        0x0 c:/program files (x86)/atmel/studio/7.0/toolchain/avr8/avr8-gnu-toolchain/bin/../lib/gcc/avr/4.9.2/avr5\libgcc.a(_exit.o)
 .text          0x00000000        0x0 c:/program files (x86)/atmel/studio/7.0/toolchain/avr8/avr8-gnu-toolchain/bin/../lib/gcc/avr/4.9.2/avr5\libgcc.a(_tablejump2.o)
 .data          0x00000000        0x0 c:/program files (x86)/atmel/studio/7.0/toolchain/avr8/avr8-gnu-toolchain/bin/../lib/gcc/avr/4.9.2/avr5\libgcc.a(_tablejump2.o)
 .bss           0x00000000        0x0 c:/program files (x86)/atmel/studio/7.0/toolchain/avr8/avr8-gnu-toolchain/bin/../lib/gcc/avr/4.9.2/avr5\libgcc.a(_tablejump2.o)
 .text.libgcc.mul
                0x00000000        0x0 c:/program files (x86)/atmel/studio/7.0/toolchain/avr8/avr8-gnu-toolchain/bin/../lib/gcc/avr/4.9.2/avr5\libgcc.a(_tablejump2.o)
 .text.libgcc.div
                0x00000000        0x0 c:/program files (x86)/atmel/studio/7.0/toolchain/avr8/avr8-gnu-toolchain/bin/../lib/gcc/avr/4.9.2/avr5\libgcc.a(_tablejump2.o)
 .text.libgcc   0x00000000        0xc c:/program files (x86)/atmel/studio/7.0/toolchain/avr8/avr8-gnu-toolchain/bin/../lib/gcc/avr/4.9.2/avr5\libgcc.a(_tablejump2.o)
 .text.libgcc.prologue
                0x00000000        0x0 c:/program files (x86)/atmel/studio/7.0/toolchain/avr8/avr8-gnu-toolchain/bin/../lib/gcc/avr/4.9.2/avr5\libgcc.a(_tablejump2.o)
 .text.libgcc.builtins
                0x00000000        0x0 c:/program files (x86)/atmel/studio/7.0/toolchain/avr8/avr8-gnu-toolchain/bin/../lib/gcc/avr/4.9.2/avr5\libgcc.a(_tablejump2.o)
 .text.libgcc.fmul
                0x00000000        0x0 c:/program files (x86)/atmel/studio/7.0/toolchain/avr8/avr8-gnu-toolchain/bin/../lib/gcc/avr/4.9.2/avr5\libgcc.a(_tablejump2.o)
 .text.libgcc.fixed
                0x00000000        0x0 c:/program files (x86)/atmel/studio/7.0/toolchain/avr8/avr8-gnu-toolchain/bin/../lib/gcc/avr/4.9.2/avr5\libgcc.a(_tablejump2.o)
 .text          0x00000000        0x0 c:/program files (x86)/atmel/studio/7.0/toolchain/avr8/avr8-gnu-toolchain/bin/../lib/gcc/avr/4.9.2/avr5\libgcc.a(_clear_bss.o)
 .data          0x00000000        0x0 c:/program files (x86)/atmel/studio/7.0/toolchain/avr8/avr8-gnu-toolchain/bin/../lib/gcc/avr/4.9.2/avr5\libgcc.a(_clear_bss.o)
 .bss           0x00000000        0x0 c:/program files (x86)/atmel/studio/7.0/toolchain/avr8/avr8-gnu-toolchain/bin/../lib/gcc/avr/4.9.2/avr5\libgcc.a(_clear_bss.o)
 .text.libgcc.mul
                0x00000000        0x0 c:/program files (x86)/atmel/studio/7.0/toolchain/avr8/avr8-gnu-toolchain/bin/../lib/gcc/avr/4.9.2/avr5\libgcc.a(_clear_bss.o)
 .text.libgcc.div
                0x00000000        0x0 c:/program files (x86)/atmel/studio/7.0/toolchain/avr8/avr8-gnu-toolchain/bin/../lib/gcc/avr/4.9.2/avr5\libgcc.a(_clear_bss.o)
 .text.libgcc   0x00000000        0x0 c:/program files (x86)/atmel/studio/7.0/toolchain/avr8/avr8-gnu-toolchain/bin/../lib/gcc/avr/4.9.2/avr5\libgcc.a(_clear_bss.o)
 .text.libgcc.prologue
                0x00000000        0x0 c:/program files (x86)/atmel/studio/7.0/toolchain/avr8/avr8-gnu-toolchain/bin/../lib/gcc/avr/4.9.2/avr5\libgcc.a(_clear_bss.o)
 .text.libgcc.builtins
                0x00000000        0x0 c:/program files (x86)/atmel/studio/7.0/toolchain/avr8/avr8-gnu-toolchain/bin/../lib/gcc/avr/4.9.2/avr5\libgcc.a(_clear_bss.o)
 .text.libgcc.fmul
                0x00000000        0x0 c:/program files (x86)/atmel/studio/7.0/toolchain/avr8/avr8-gnu-toolchain/bin/../lib/gcc/avr/4.9.2/avr5\libgcc.a(_clear_bss.o)
 .text.libgcc.fixed
                0x00000000        0x0 c:/program files (x86)/atmel/studio/7.0/toolchain/avr8/avr8-gnu-toolchain/bin/../lib/gcc/avr/4.9.2/avr5\libgcc.a(_clear_bss.o)

Memory Configuration

Name             Origin             Length             Attributes
text             0x00000000         0x00020000         xr
data             0x00800060         0x0000ffa0         rw !x
eeprom           0x00810000         0x00010000         rw !x
fuse             0x00820000         0x00000400         rw !x
lock             0x00830000         0x00000400         rw !x
signature        0x00840000         0x00000400         rw !x
user_signatures  0x00850000         0x00000400         rw !x
*default*        0x00000000         0xffffffff

Linker script and memory map

LOAD C:/Program Files (x86)/Atmel/Studio/7.0/Packs/atmel/ATmega_DFP/1.0.90/gcc/dev/atmega32/avr5/crtatmega32.o
LOAD src/MCAL/Timer0.o
LOAD src/MCAL/EXTI.o
LOAD src/MCAL/GPIO.o
LOAD src/MCAL/I2C.o
LOAD src/MCAL/SPI.o
LOAD src/MCAL/UART.o
LOAD src/ASF/mega/boards/stk600/rcx_x/init.o
LOAD src/main.o
START GROUP
LOAD c:/program files (x86)/atmel/studio/7.0/toolchain/avr8/avr8-gnu-toolchain/bin/../lib/gcc/avr/4.9.2/../../../../avr/lib/avr5\libm.a
END GROUP
START GROUP
LOAD c:/program files (x86)/atmel/studio/7.0/toolchain/avr8/avr8-gnu-toolchain/bin/../lib/gcc/avr/4.9.2/avr5\libgcc.a
LOAD c:/program files (x86)/atmel/studio/7.0/toolchain/avr8/avr8-gnu-toolchain/bin/../lib/gcc/avr/4.9.2/../../../../avr/lib/avr5\libm.a
LOAD c:/program files (x86)/atmel/studio/7.0/toolchain/avr8/avr8-gnu-toolchain/bin/../lib/gcc/avr/4.9.2/../../../../avr/lib/avr5\libc.a
LOAD C:/Program Files (x86)/Atmel/Studio/7.0/Packs/atmel/ATmega_DFP/1.0.90/gcc/dev/atmega32/avr5\libatmega32.a
END GROUP

.hash
 *(.hash)

.dynsym
 *(.dynsym)

.dynstr
 *(.dynstr)

.gnu.version
 *(.gnu.version)

.gnu.version_d
 *(.gnu.version_d)

.gnu.version_r
 *(.gnu.version_r)

.rel.init
 *(.rel.init)

.rela.init
 *(.rela.init)

.rel.text
 *(.rel.text)
 *(.rel.text.*)
 *(.rel.gnu.linkonce.t*)

.rela.text
 *(.rela.text)
 *(.rela.text.*)
 *(.rela.gnu.linkonce.t*)

.rel.fini
 *(.rel.fini)

.rela.fini
 *(.rela.fini)

.rel.rodata
 *(.rel.rodata)
 *(.rel.rodata.*)
 *(.rel.gnu.linkonce.r*)

.rela.rodata
 *(.rela.rodata)
 *(.rela.rodata.*)
 *(.rela.gnu.linkonce.r*)

.rel.data
 *(.rel.data)
 *(.rel.data.*)
 *(.rel.gnu.linkonce.d*)

.rela.data
 *(.rela.data)
 *(.rela.data.*)
 *(.rela.gnu.linkonce.d*)

.rel.ctors
 *(.rel.ctors)

.rela.ctors
 *(.rela.ctors)

.rel.dtors
 *(.rel.dtors)

.rela.dtors
 *(.rela.dtors)

.rel.got
 *(.rel.got)

.rela.got
 *(.rela.got)

.rel.bss
 *(.rel.bss)

.rela.bss
 *(.rela.bss)

.rel.plt
 *(.rel.plt)

.rela.plt
 *(.rela.plt)

.text           0x00000000      0x4e4
 *(.vectors)
 .vectors       0x00000000       0x54 C:/Program Files (x86)/Atmel/Studio/7.0/Packs/atmel/ATmega_DFP/1.0.90/gcc/dev/atmega32/avr5/crtatmega32.o
                0x00000000                __vector_default
                0x00000000                __vectors
 *(.vectors)
 *(.progmem.gcc*)
                0x00000054                . = ALIGN (0x2)
                0x00000054                __trampolines_start = .
 *(.trampolines)
 .trampolines   0x00000054        0x0 linker stubs
 *(.trampolines*)
                0x00000054                __trampolines_end = .
 *(.progmem*)
                0x00000054                . = ALIGN (0x2)
 *(.jumptables)
 *(.jumptables*)
 *(.lowtext)
 *(.lowtext*)
                0x00000054                __ctors_start = .
 *(.ctors)
                0x00000054                __ctors_end = .
                0x00000054                __dtors_start = .
 *(.dtors)
                0x00000054                __dtors_end = .
 SORT(*)(.ctors)
 SORT(*)(.dtors)
 *(.init0)
 .init0         0x00000054        0x0 C:/Program Files (x86)/Atmel/Studio/7.0/Packs/atmel/ATmega_DFP/1.0.90/gcc/dev/atmega32/avr5/crtatmega32.o
                0x00000054                __init
 *(.init0)
 *(.init1)
 *(.init1)
 *(.init2)
 .init2         0x00000054        0xc C:/Program Files (x86)/Atmel/Studio/7.0/Packs/atmel/ATmega_DFP/1.0.90/gcc/dev/atmega32/avr5/crtatmega32.o
 *(.init2)
 *(.init3)
 *(.init3)
 *(.init4)
 .init4         0x00000060       0x10 c:/program files (x86)/atmel/studio/7.0/toolchain/avr8/avr8-gnu-toolchain/bin/../lib/gcc/avr/4.9.2/avr5\libgcc.a(_clear_bss.o)
                0x00000060                __do_clear_bss
 *(.init4)
 *(.init5)
 *(.init5)
 *(.init6)
 *(.init6)
 *(.init7)
 *(.init7)
 *(.init8)
 *(.init8)
 *(.init9)
 .init9         0x00000070        0x4 C:/Program Files (x86)/Atmel/Studio/7.0/Packs/atmel/ATmega_DFP/1.0.90/gcc/dev/atmega32/avr5/crtatmega32.o
 *(.init9)
 *(.text)
 .text          0x00000074        0x2 C:/Program Files (x86)/Atmel/Studio/7.0/Packs/atmel/ATmega_DFP/1.0.90/gcc/dev/atmega32/avr5/crtatmega32.o
                0x00000074                __bad_interrupt
                0x00000074                __vector_6
                0x00000074                __vector_17
                0x00000074                __vector_7
                0x00000074                __vector_5
                0x00000074                __vector_4
                0x00000074                __vector_9
                0x00000074                __vector_8
                0x00000074                __vector_16
                0x00000074                __vector_18
                0x00000074                __vector_20
                0x00000076                . = ALIGN (0x2)
 *(.text.*)
 .text.MCAL_TIMER0_Init
                0x00000076       0x94 src/MCAL/Timer0.o
                0x00000076                MCAL_TIMER0_Init
 .text.__vector_10
                0x0000010a       0x54 src/MCAL/Timer0.o
                0x0000010a                __vector_10
 .text.__vector_11
                0x0000015e       0x54 src/MCAL/Timer0.o
                0x0000015e                __vector_11
 .text.__vector_1
                0x000001b2       0x4e src/MCAL/EXTI.o
                0x000001b2                __vector_1
 .text.__vector_2
                0x00000200       0x4e src/MCAL/EXTI.o
                0x00000200                __vector_2
 .text.__vector_3
                0x0000024e       0x4e src/MCAL/EXTI.o
                0x0000024e                __vector_3
 .text.MCAL_GPIO_Init
                0x0000029c       0x50 src/MCAL/GPIO.o
                0x0000029c                MCAL_GPIO_Init
 .text.MCAL_GPIO_TogglePin
                0x000002ec        0xa src/MCAL/GPIO.o
                0x000002ec                MCAL_GPIO_TogglePin
 .text.__vector_19
                0x000002f6       0x54 src/MCAL/I2C.o
                0x000002f6                __vector_19
 .text.__vector_12
                0x0000034a       0x54 src/MCAL/SPI.o
                0x0000034a                __vector_12
 .text.__vector_13
                0x0000039e       0x4e src/MCAL/UART.o
                0x0000039e                __vector_13
 .text.__vector_14
                0x000003ec       0x4e src/MCAL/UART.o
                0x000003ec                __vector_14
 .text.__vector_15
                0x0000043a       0x4e src/MCAL/UART.o
                0x0000043a                __vector_15
 .text.TIMER0_Callback_For_PA0
                0x00000488        0xa src/main.o
                0x00000488                TIMER0_Callback_For_PA0
 .text.main     0x00000492       0x4e src/main.o
                0x00000492                main
                0x000004e0                . = ALIGN (0x2)
 *(.fini9)
 .fini9         0x000004e0        0x0 c:/program files (x86)/atmel/studio/7.0/toolchain/avr8/avr8-gnu-toolchain/bin/../lib/gcc/avr/4.9.2/avr5\libgcc.a(_exit.o)
                0x000004e0                _exit
                0x000004e0                exit
 *(.fini9)
 *(.fini8)
 *(.fini8)
 *(.fini7)
 *(.fini7)
 *(.fini6)
 *(.fini6)
 *(.fini5)
 *(.fini5)
 *(.fini4)
 *(.fini4)
 *(.fini3)
 *(.fini3)
 *(.fini2)
 *(.fini2)
 *(.fini1)
 *(.fini1)
 *(.fini0)
 .fini0         0x000004e0        0x4 c:/program files (x86)/atmel/studio/7.0/toolchain/avr8/avr8-gnu-toolchain/bin/../lib/gcc/avr/4.9.2/avr5\libgcc.a(_exit.o)
 *(.fini0)
                0x000004e4                _etext = .

.data           0x00800060        0x0 load address 0x000004e4
                0x00800060                PROVIDE (__data_start, .)
 *(.data)
 *(.data*)
 *(.rodata)
 *(.rodata*)
 *(.gnu.linkonce.d*)
                0x00800060                . = ALIGN (0x2)
                0x00800060                _edata = .
                0x00800060                PROVIDE (__data_end, .)

.bss            0x00800060       0x12
                0x00800060                PROVIDE (__bss_start, .)
 *(.bss)
 *(.bss*)
 .bss.g_TIM0_Config
                0x00800060        0x2 src/MCAL/Timer0.o
                0x00800060                g_TIM0_Config
 .bss.g_I2C_Config
                0x00800062        0x2 src/MCAL/I2C.o
                0x00800062                g_I2C_Config
 .bss.g_SPI_Config
                0x00800064        0x2 src/MCAL/SPI.o
                0x00800064                g_SPI_Config
 *(COMMON)
 COMMON         0x00800066        0x6 src/MCAL/EXTI.o
                0x00800066                GP_IRQ_CALL
 COMMON         0x0080006c        0x6 src/MCAL/UART.o
                0x0080006c                GPU_IRQ_CALL
                0x00800072                PROVIDE (__bss_end, .)
                0x000004e4                __data_load_start = LOADADDR (.data)
                0x000004e4                __data_load_end = (__data_load_start + SIZEOF (.data))

.noinit         0x00800072        0x0
                0x00800072                PROVIDE (__noinit_start, .)
 *(.noinit*)
                0x00800072                PROVIDE (__noinit_end, .)
                0x00800072                _end = .
                0x00800072                PROVIDE (__heap_start, .)

.eeprom         0x00810000        0x0
 *(.eeprom*)
                0x00810000                __eeprom_end = .

.fuse
 *(.fuse)
 *(.lfuse)
 *(.hfuse)
 *(.efuse)

.lock
 *(.lock*)

.signature
 *(.signature*)

.user_signatures
 *(.user_signatures*)

.stab
 *(.stab)

.stabstr
 *(.stabstr)

.stab.excl
 *(.stab.excl)

.stab.exclstr
 *(.stab.exclstr)

.stab.index
 *(.stab.index)

.stab.indexstr
 *(.stab.indexstr)

.comment        0x00000000       0x30
 *(.comment)
 .comment       0x00000000       0x30 src/MCAL/Timer0.o
                                 0x31 (size before relaxing)
 .comment       0x00000030       0x31 src/MCAL/EXTI.o
 .comment       0x00000030       0x31 src/MCAL/GPIO.o
 .comment       0x00000030       0x31 src/MCAL/I2C.o
 .comment       0x00000030       0x31 src/MCAL/SPI.o
 .comment       0x00000030       0x31 src/MCAL/UART.o
 .comment       0x00000030       0x31 src/main.o

.note.gnu.avr.deviceinfo
                0x00000000       0x3c
 .note.gnu.avr.deviceinfo
                0x00000000       0x3c C:/Program Files (x86)/Atmel/Studio/7.0/Packs/atmel/ATmega_DFP/1.0.90/gcc/dev/atmega32/avr5/crtatmega32.o

.note.gnu.build-id
 *(.note.gnu.build-id)

.debug
 *(.debug)

.line
 *(.line)

.debug_srcinfo
 *(.debug_srcinfo)

.debug_sfnames
 *(.debug_sfnames)

.debug_aranges  0x00000000      0x218
 *(.debug_aranges)
 .debug_aranges
                0x00000000       0x48 src/MCAL/Timer0.o
 .debug_aranges
                0x00000048       0x40 src/MCAL/EXTI.o
 .debug_aranges
                0x00000088       0x50 src/MCAL/GPIO.o
 .debug_aranges
                0x000000d8       0x60 src/MCAL/I2C.o
 .debug_aranges
                0x00000138       0x58 src/MCAL/SPI.o
 .debug_aranges
                0x00000190       0x60 src/MCAL/UART.o
 .debug_aranges
                0x000001f0       0x28 src/main.o

.debug_pubnames
 *(.debug_pubnames)

.debug_info     0x00000000     0x16d7
 *(.debug_info .gnu.linkonce.wi.*)
 .debug_info    0x00000000      0x2b0 src/MCAL/Timer0.o
 .debug_info    0x000002b0      0x2af src/MCAL/EXTI.o
 .debug_info    0x0000055f      0x294 src/MCAL/GPIO.o
 .debug_info    0x000007f3      0x351 src/MCAL/I2C.o
 .debug_info    0x00000b44      0x4c7 src/MCAL/SPI.o
 .debug_info    0x0000100b      0x460 src/MCAL/UART.o
 .debug_info    0x0000146b      0x26c src/main.o

.debug_abbrev   0x00000000      0x9c7
 *(.debug_abbrev)
 .debug_abbrev  0x00000000      0x164 src/MCAL/Timer0.o
 .debug_abbrev  0x00000164      0x140 src/MCAL/EXTI.o
 .debug_abbrev  0x000002a4       0xeb src/MCAL/GPIO.o
 .debug_abbrev  0x0000038f      0x1de src/MCAL/I2C.o
 .debug_abbrev  0x0000056d      0x17e src/MCAL/SPI.o
 .debug_abbrev  0x000006eb      0x1e2 src/MCAL/UART.o
 .debug_abbrev  0x000008cd       0xfa src/main.o

.debug_line     0x00000000     0x1947
 *(.debug_line .debug_line.* .debug_line_end)
 .debug_line    0x00000000      0x2f8 src/MCAL/Timer0.o
 .debug_line    0x000002f8      0x385 src/MCAL/EXTI.o
 .debug_line    0x0000067d      0x2be src/MCAL/GPIO.o
 .debug_line    0x0000093b      0x3e8 src/MCAL/I2C.o
 .debug_line    0x00000d23      0x439 src/MCAL/SPI.o
 .debug_line    0x0000115c      0x59d src/MCAL/UART.o
 .debug_line    0x000016f9      0x24e src/main.o

.debug_frame    0x00000000      0x728
 *(.debug_frame)
 .debug_frame   0x00000000      0x124 src/MCAL/Timer0.o
 .debug_frame   0x00000124      0x158 src/MCAL/EXTI.o
 .debug_frame   0x0000027c       0x84 src/MCAL/GPIO.o
 .debug_frame   0x00000300      0x100 src/MCAL/I2C.o
 .debug_frame   0x00000400      0x120 src/MCAL/SPI.o
 .debug_frame   0x00000520      0x1c4 src/MCAL/UART.o
 .debug_frame   0x000006e4       0x44 src/main.o

.debug_str      0x00000000     0x5bb6
 *(.debug_str)
 .debug_str     0x00000000     0x4bed src/MCAL/Timer0.o
                               0x4cb3 (size before relaxing)
 .debug_str     0x00004bed      0x16c src/MCAL/EXTI.o
                               0x49c4 (size before relaxing)
 .debug_str     0x00004d59       0x9e src/MCAL/GPIO.o
                               0x48fb (size before relaxing)
 .debug_str     0x00004df7      0x2f4 src/MCAL/I2C.o
                               0x4b20 (size before relaxing)
 .debug_str     0x000050eb      0x48d src/MCAL/SPI.o
                               0x4d2c (size before relaxing)
 .debug_str     0x00005578      0x604 src/MCAL/UART.o
                               0x4ec2 (size before relaxing)
 .debug_str     0x00005b7c       0x3a src/main.o
                               0x4c4a (size before relaxing)

.debug_loc      0x00000000     0x10f9
 *(.debug_loc)
 .debug_loc     0x00000000      0x287 src/MCAL/Timer0.o
 .debug_loc     0x00000287      0x2fb src/MCAL/EXTI.o
 .debug_loc     0x00000582      0x121 src/MCAL/GPIO.o
 .debug_loc     0x000006a3      0x20f src/MCAL/I2C.o
 .debug_loc     0x000008b2      0x2d8 src/MCAL/SPI.o
 .debug_loc     0x00000b8a      0x528 src/MCAL/UART.o
 .debug_loc     0x000010b2       0x47 src/main.o

.debug_macinfo
 *(.debug_macinfo)

.debug_weaknames
 *(.debug_weaknames)

.debug_funcnames
 *(.debug_funcnames)

.debug_typenames
 *(.debug_typenames)

.debug_varnames
 *(.debug_varnames)

.debug_pubtypes
 *(.debug_pubtypes)

.debug_ranges   0x00000000      0x1a8
 *(.debug_ranges)
 .debug_ranges  0x00000000       0x38 src/MCAL/Timer0.o
 .debug_ranges  0x00000038       0x30 src/MCAL/EXTI.o
 .debug_ranges  0x00000068       0x40 src/MCAL/GPIO.o
 .debug_ranges  0x000000a8       0x50 src/MCAL/I2C.o
 .debug_ranges  0x000000f8       0x48 src/MCAL/SPI.o
 .debug_ranges  0x00000140       0x50 src/MCAL/UART.o
 .debug_ranges  0x00000190       0x18 src/main.o

.debug_macro    0x00000000     0x19ca
 *(.debug_macro)
 .debug_macro   0x00000000       0x8c src/MCAL/Timer0.o
 .debug_macro   0x0000008c      0xa4e src/MCAL/Timer0.o
 .debug_macro   0x00000ada       0x10 src/MCAL/Timer0.o
 .debug_macro   0x00000aea       0x10 src/MCAL/Timer0.o
 .debug_macro   0x00000afa      0x1ad src/MCAL/Timer0.o
 .debug_macro   0x00000ca7      0x293 src/MCAL/Timer0.o
 .debug_macro   0x00000f3a      0x166 src/MCAL/Timer0.o
 .debug_macro   0x000010a0       0x1c src/MCAL/Timer0.o
 .debug_macro   0x000010bc      0x10e src/MCAL/Timer0.o
 .debug_macro   0x000011ca       0x60 src/MCAL/Timer0.o
 .debug_macro   0x0000122a      0x171 src/MCAL/Timer0.o
 .debug_macro   0x0000139b       0x58 src/MCAL/Timer0.o
 .debug_macro   0x000013f3       0x70 src/MCAL/Timer0.o
 .debug_macro   0x00001463       0x8c src/MCAL/EXTI.o
 .debug_macro   0x000014ef       0x34 src/MCAL/EXTI.o
 .debug_macro   0x00001523       0x83 src/MCAL/GPIO.o
 .debug_macro   0x000015a6       0x52 src/MCAL/GPIO.o
 .debug_macro   0x000015f8       0x8c src/MCAL/I2C.o
 .debug_macro   0x00001684       0x40 src/MCAL/I2C.o
 .debug_macro   0x000016c4       0x8c src/MCAL/SPI.o
 .debug_macro   0x00001750       0x70 src/MCAL/SPI.o
 .debug_macro   0x000017c0       0x8c src/MCAL/UART.o
 .debug_macro   0x0000184c       0xe2 src/MCAL/UART.o
 .debug_macro   0x0000192e       0x9c src/main.o
OUTPUT(Atmega32_Timer.elf elf32-avr)
LOAD linker stubs
